// Jest Snapshot v1, https://goo.gl/fbAQLP

exports[`<ChatParticipant /> renders this UI as expected 1`] = `
<div>
  <p>
    message
  </p>
  <p>
    Hello
  </p>
  <p>
    1548852646559
  </p>
</div>
`;
