// Jest Snapshot v1, https://goo.gl/fbAQLP

exports[`<Participant /> renders this UI as expected 1`] = `
<div>
  <h2 />
  <img
    alt="avatar"
  />
  <p />
  <p />
</div>
`;
